I'm sorry, but errors were detected in your script. Please correct the
errors listed below, and try again.


File "game/script.rpy", line 3: expected statement.
    init
        ^

Ren'Py Version: Ren'Py 8.3.4.24120703
Mon Dec 30 19:44:09 2024
